📥 加载原始数据...
======================================================================
🚀 金融数据预处理 V5 | 精简高效版
======================================================================

[1/2] 处理训练集
   📊 训练集: 139392 条 | 保留原始特征: 23 个

[2/2] 处理测试集
   📊 测试集: 34348 条 | 时间不连续: 训练集结束于 580, 测试集开始于 582

----------------------------------------------------------------------
🔧 训练集处理流程
----------------------------------------------------------------------
❄️  处理训练集冷启动缺失: 前 4 天 (共 960 条)
  ✓ feature_3: 用 date_id=4 的值 1.4400 填充 10 处
  ✓ feature_4: 用 date_id=4 的值 0.1500 填充 13 处
  ✓ feature_5: 用 date_id=4 的值 4.7464 填充 30 处
  ✓ feature_7: 用 date_id=4 的值 454.0119 填充 13 处
  ✓ feature_13: 用 date_id=4 的值 0.0053 填充 29 处
  ✓ feature_14: 用 date_id=4 的值 0.0040 填充 30 处
  ✓ feature_16: 用 date_id=4 的值 0.0247 填充 10 处
  ✓ feature_18: 用 date_id=4 的值 91.7582 填充 13 处
  ✓ feature_20: 用 date_id=4 的值 0.0164 填充 1 处
  ✓ feature_21: 用 date_id=4 的值 1.4379 填充 19 处
  ✓ feature_23: 用 date_id=4 的值 0.0096 填充 1 处
  ✓ feature_24: 用 date_id=4 的值 0.0257 填充 19 处
  ✓ feature_25: 用 date_id=4 的值 -11.5385 填充 13 处
  ✓ feature_26: 用 date_id=4 的值 4.9028 填充 29 处
  ✓ feature_28: 用 date_id=4 的值 0.0212 填充 1 处
  ✓ feature_29: 用 date_id=4 的值 0.0006 填充 30 处
  ✓ feature_30: 用 date_id=4 的值 0.0288 填充 30 处
🔧 修复 feature_11 系统性缺失: 1160 处 (分钟237-238)
📌 创建缺失指示: f11_sys_missing=1160, f11_rand_missing=2
🔧 修复 feature_18 随机缺失: 28 处
🔧 修复 feature_21 随机缺失: 14 处
🔧 修复 feature_25 随机缺失: 21 处
